../Drivers/CMSIS/Include/core_cm7.h:2660:26:ITM_SendChar	16	static,ignoring_inline_asm
../Core/Src/main.c:85:5:main	8	static
../Core/Src/main.c:156:6:SystemClock_Config	120	static
../Core/Src/main.c:218:13:MX_TIM3_Init	56	static
../Core/Src/main.c:263:13:MX_USART3_UART_Init	8	static
../Core/Src/main.c:307:13:MX_USB_OTG_HS_USB_Init	4	static
../Core/Src/main.c:326:13:MX_GPIO_Init	64	static
../Core/Src/main.c:420:5:_write	32	static
../Core/Src/main.c:436:6:Error_Handler	4	static,ignoring_inline_asm
